[  0%] Built target nodelet_generate_messages_nodejs
[  0%] Built target nodelet_generate_messages_py
[  0%] Built target bond_generate_messages_py
[  0%] Built target geometry_msgs_generate_messages_nodejs
[  0%] Built target bond_generate_messages_nodejs
[  0%] Built target geometry_msgs_generate_messages_cpp
[  0%] Built target std_srvs_generate_messages_nodejs
[  0%] Built target geometry_msgs_generate_messages_lisp
[  0%] Built target rosgraph_msgs_generate_messages_eus
[  4%] Built target docking_gencfg
[  4%] Built target dynamic_reconfigure_generate_messages_eus
[  4%] Built target bond_generate_messages_eus
[  4%] Built target geometry_msgs_generate_messages_py
[  4%] Built target tf2_msgs_generate_messages_eus
[  4%] Built target bond_generate_messages_lisp
[  4%] Built target sensor_msgs_generate_messages_eus
[  4%] Built target bond_generate_messages_cpp
[  4%] Built target sensor_msgs_generate_messages_py
[  4%] Built target _docking_generate_messages_check_deps_MinMaxPoint
[  4%] Built target dynamic_reconfigure_generate_messages_nodejs
[  4%] Built target tf2_msgs_generate_messages_py
[  4%] Built target nodelet_topic_tools_gencfg
[  4%] Built target tf_generate_messages_py
[  4%] Built target actionlib_msgs_generate_messages_lisp
[  4%] Built target std_msgs_generate_messages_cpp
[  4%] Built target rosgraph_msgs_generate_messages_cpp
[  4%] Built target pcl_msgs_generate_messages_py
[  4%] Built target std_srvs_generate_messages_cpp
[  4%] Built target pcl_msgs_generate_messages_lisp
[  4%] Built target pcl_msgs_generate_messages_nodejs
[  4%] Built target topic_tools_generate_messages_cpp
[  4%] Built target roscpp_generate_messages_cpp
[  4%] Built target visualization_msgs_generate_messages_py
[  4%] Built target dynamic_reconfigure_generate_messages_cpp
[  4%] Built target pcl_msgs_generate_messages_eus
[  4%] Built target _docking_generate_messages_check_deps_DockingFeedback
[  4%] Built target actionlib_msgs_generate_messages_eus
[  4%] Built target sensor_msgs_generate_messages_cpp
[  4%] Built target dynamic_reconfigure_generate_messages_py
[  4%] Built target nav_msgs_generate_messages_nodejs
[  4%] Built target pcl_msgs_generate_messages_cpp
[  4%] Built target std_msgs_generate_messages_eus
[  4%] Built target dynamic_reconfigure_gencfg
[  4%] Built target std_srvs_generate_messages_lisp
[  4%] Built target _docking_generate_messages_check_deps_BoundingBox
[  4%] Built target nodelet_generate_messages_lisp
[  4%] Built target _docking_generate_messages_check_deps_DockingGoal
[  4%] Built target actionlib_generate_messages_lisp
[  4%] Built target roscpp_generate_messages_lisp
[  4%] Built target _docking_generate_messages_check_deps_Line
[  4%] Built target std_msgs_generate_messages_nodejs
[  4%] Built target nodelet_generate_messages_eus
[  4%] Built target std_msgs_generate_messages_py
[  4%] Built target actionlib_msgs_generate_messages_py
[  4%] Built target nav_msgs_generate_messages_py
[  4%] Built target _docking_generate_messages_check_deps_ICP
[  4%] Built target _docking_generate_messages_check_deps_DockingActionFeedback
[  4%] Built target _docking_generate_messages_check_deps_DockingActionGoal
[  4%] Built target _docking_generate_messages_check_deps_Cluster
[  4%] Built target _docking_generate_messages_check_deps_ClusterArray
[  4%] Built target geometry_msgs_generate_messages_eus
[  4%] Built target _docking_generate_messages_check_deps_DockingActionResult
[  4%] Built target _docking_generate_messages_check_deps_LineOfSight
[  4%] Built target roscpp_generate_messages_eus
[  4%] Built target _docking_generate_messages_check_deps_DockingResult
[  4%] Built target sensor_msgs_generate_messages_nodejs
[  4%] Built target _docking_generate_messages_check_deps_DockingAction
[  4%] Built target _docking_generate_messages_check_deps_LineArray
[  4%] Built target _docking_generate_messages_check_deps_Dock
[  4%] Built target roscpp_generate_messages_py
[  4%] Built target pcl_ros_gencfg
[  4%] Built target visualization_msgs_generate_messages_cpp
[  4%] Built target rosgraph_msgs_generate_messages_lisp
[  4%] Built target actionlib_msgs_generate_messages_nodejs
[  4%] Built target _docking_generate_messages_check_deps_Plan
[  4%] Built target visualization_msgs_generate_messages_nodejs
[  4%] Built target rosgraph_msgs_generate_messages_nodejs
[  4%] Built target tf_generate_messages_eus
[  4%] Built target topic_tools_generate_messages_nodejs
[  4%] Built target std_srvs_generate_messages_eus
[  4%] Built target topic_tools_generate_messages_eus
[  4%] Built target tf_generate_messages_cpp
[  4%] Built target topic_tools_generate_messages_lisp
[  4%] Built target roscpp_generate_messages_nodejs
[  4%] Built target actionlib_generate_messages_eus
[  4%] Built target topic_tools_generate_messages_py
[  4%] Built target visualization_msgs_generate_messages_eus
[  4%] Built target tf_generate_messages_nodejs
[  4%] Built target tf_generate_messages_lisp
[  4%] Built target nav_msgs_generate_messages_cpp
[  4%] Built target visualization_msgs_generate_messages_lisp
[  4%] Built target actionlib_generate_messages_cpp
[  4%] Built target actionlib_generate_messages_py
[  4%] Built target rosgraph_msgs_generate_messages_py
[  4%] Built target actionlib_msgs_generate_messages_cpp
[  4%] Built target tf2_msgs_generate_messages_lisp
[  4%] Built target nav_msgs_generate_messages_eus
[  4%] Built target nav_msgs_generate_messages_lisp
[  4%] Built target tf2_msgs_generate_messages_cpp
[  4%] Built target nodelet_generate_messages_cpp
[  4%] Built target std_msgs_generate_messages_lisp
[  4%] Built target dynamic_reconfigure_generate_messages_lisp
[  4%] Built target actionlib_generate_messages_nodejs
[  4%] Built target tf2_msgs_generate_messages_nodejs
[  4%] Built target std_srvs_generate_messages_py
[ 22%] Built target docking_generate_messages_py
[ 22%] Built target sensor_msgs_generate_messages_lisp
[ 40%] Built target docking_generate_messages_nodejs
[ 58%] Built target docking_generate_messages_eus
[ 77%] Built target docking_generate_messages_lisp
[ 94%] Built target docking_generate_messages_cpp
[ 94%] Built target docking_generate_messages
[ 95%] Built target controller_node
[ 97%] Built target planner_node
[35m[1mScanning dependencies of target detection_node[0m
[ 98%] [32mBuilding CXX object CMakeFiles/detection_node.dir/src/detection_node.cpp.o[0m
[100%] [32m[1mLinking CXX executable /home/mkac/mav_ws/devel/.private/docking/lib/docking/detection_node[0m
[100%] Built target detection_node
