Linked: (/home/mkac/mav_ws/devel/.private/docking/share/roseus/ros/docking/manifest.l, /home/mkac/mav_ws/devel/share/roseus/ros/docking/manifest.l)
Linked: (/home/mkac/mav_ws/devel/.private/docking/share/roseus/ros/docking/msg/Cluster.l, /home/mkac/mav_ws/devel/share/roseus/ros/docking/msg/Cluster.l)
Linked: (/home/mkac/mav_ws/devel/.private/docking/share/roseus/ros/docking/msg/DockingFeedback.l, /home/mkac/mav_ws/devel/share/roseus/ros/docking/msg/DockingFeedback.l)
Linked: (/home/mkac/mav_ws/devel/.private/docking/share/roseus/ros/docking/msg/ICP.l, /home/mkac/mav_ws/devel/share/roseus/ros/docking/msg/ICP.l)
Linked: (/home/mkac/mav_ws/devel/.private/docking/share/roseus/ros/docking/msg/DockingActionGoal.l, /home/mkac/mav_ws/devel/share/roseus/ros/docking/msg/DockingActionGoal.l)
Linked: (/home/mkac/mav_ws/devel/.private/docking/share/roseus/ros/docking/msg/ClusterArray.l, /home/mkac/mav_ws/devel/share/roseus/ros/docking/msg/ClusterArray.l)
Linked: (/home/mkac/mav_ws/devel/.private/docking/share/roseus/ros/docking/msg/Plan.l, /home/mkac/mav_ws/devel/share/roseus/ros/docking/msg/Plan.l)
Linked: (/home/mkac/mav_ws/devel/.private/docking/share/roseus/ros/docking/msg/DockingActionResult.l, /home/mkac/mav_ws/devel/share/roseus/ros/docking/msg/DockingActionResult.l)
Linked: (/home/mkac/mav_ws/devel/.private/docking/share/roseus/ros/docking/msg/DockingActionFeedback.l, /home/mkac/mav_ws/devel/share/roseus/ros/docking/msg/DockingActionFeedback.l)
Linked: (/home/mkac/mav_ws/devel/.private/docking/share/roseus/ros/docking/msg/Dock.l, /home/mkac/mav_ws/devel/share/roseus/ros/docking/msg/Dock.l)
Linked: (/home/mkac/mav_ws/devel/.private/docking/share/roseus/ros/docking/msg/MinMaxPoint.l, /home/mkac/mav_ws/devel/share/roseus/ros/docking/msg/MinMaxPoint.l)
Linked: (/home/mkac/mav_ws/devel/.private/docking/share/roseus/ros/docking/msg/DockingGoal.l, /home/mkac/mav_ws/devel/share/roseus/ros/docking/msg/DockingGoal.l)
Linked: (/home/mkac/mav_ws/devel/.private/docking/share/roseus/ros/docking/msg/LineOfSight.l, /home/mkac/mav_ws/devel/share/roseus/ros/docking/msg/LineOfSight.l)
Linked: (/home/mkac/mav_ws/devel/.private/docking/share/roseus/ros/docking/msg/BoundingBox.l, /home/mkac/mav_ws/devel/share/roseus/ros/docking/msg/BoundingBox.l)
Linked: (/home/mkac/mav_ws/devel/.private/docking/share/roseus/ros/docking/msg/DockingResult.l, /home/mkac/mav_ws/devel/share/roseus/ros/docking/msg/DockingResult.l)
Linked: (/home/mkac/mav_ws/devel/.private/docking/share/roseus/ros/docking/msg/Line.l, /home/mkac/mav_ws/devel/share/roseus/ros/docking/msg/Line.l)
Linked: (/home/mkac/mav_ws/devel/.private/docking/share/roseus/ros/docking/msg/LineArray.l, /home/mkac/mav_ws/devel/share/roseus/ros/docking/msg/LineArray.l)
Linked: (/home/mkac/mav_ws/devel/.private/docking/share/roseus/ros/docking/msg/DockingAction.l, /home/mkac/mav_ws/devel/share/roseus/ros/docking/msg/DockingAction.l)
Linked: (/home/mkac/mav_ws/devel/.private/docking/share/common-lisp/ros/docking/msg/Dock.lisp, /home/mkac/mav_ws/devel/share/common-lisp/ros/docking/msg/Dock.lisp)
Linked: (/home/mkac/mav_ws/devel/.private/docking/share/common-lisp/ros/docking/msg/DockingActionFeedback.lisp, /home/mkac/mav_ws/devel/share/common-lisp/ros/docking/msg/DockingActionFeedback.lisp)
Linked: (/home/mkac/mav_ws/devel/.private/docking/share/common-lisp/ros/docking/msg/_package_DockingActionFeedback.lisp, /home/mkac/mav_ws/devel/share/common-lisp/ros/docking/msg/_package_DockingActionFeedback.lisp)
Linked: (/home/mkac/mav_ws/devel/.private/docking/share/common-lisp/ros/docking/msg/MinMaxPoint.lisp, /home/mkac/mav_ws/devel/share/common-lisp/ros/docking/msg/MinMaxPoint.lisp)
Linked: (/home/mkac/mav_ws/devel/.private/docking/share/common-lisp/ros/docking/msg/_package_DockingActionGoal.lisp, /home/mkac/mav_ws/devel/share/common-lisp/ros/docking/msg/_package_DockingActionGoal.lisp)
Linked: (/home/mkac/mav_ws/devel/.private/docking/share/common-lisp/ros/docking/msg/_package_ClusterArray.lisp, /home/mkac/mav_ws/devel/share/common-lisp/ros/docking/msg/_package_ClusterArray.lisp)
Linked: (/home/mkac/mav_ws/devel/.private/docking/share/common-lisp/ros/docking/msg/DockingGoal.lisp, /home/mkac/mav_ws/devel/share/common-lisp/ros/docking/msg/DockingGoal.lisp)
Linked: (/home/mkac/mav_ws/devel/.private/docking/share/common-lisp/ros/docking/msg/_package_DockingResult.lisp, /home/mkac/mav_ws/devel/share/common-lisp/ros/docking/msg/_package_DockingResult.lisp)
Linked: (/home/mkac/mav_ws/devel/.private/docking/share/common-lisp/ros/docking/msg/_package.lisp, /home/mkac/mav_ws/devel/share/common-lisp/ros/docking/msg/_package.lisp)
Linked: (/home/mkac/mav_ws/devel/.private/docking/share/common-lisp/ros/docking/msg/DockingActionResult.lisp, /home/mkac/mav_ws/devel/share/common-lisp/ros/docking/msg/DockingActionResult.lisp)
Linked: (/home/mkac/mav_ws/devel/.private/docking/share/common-lisp/ros/docking/msg/_package_BoundingBox.lisp, /home/mkac/mav_ws/devel/share/common-lisp/ros/docking/msg/_package_BoundingBox.lisp)
Linked: (/home/mkac/mav_ws/devel/.private/docking/share/common-lisp/ros/docking/msg/_package_DockingActionResult.lisp, /home/mkac/mav_ws/devel/share/common-lisp/ros/docking/msg/_package_DockingActionResult.lisp)
Linked: (/home/mkac/mav_ws/devel/.private/docking/share/common-lisp/ros/docking/msg/DockingResult.lisp, /home/mkac/mav_ws/devel/share/common-lisp/ros/docking/msg/DockingResult.lisp)
Linked: (/home/mkac/mav_ws/devel/.private/docking/share/common-lisp/ros/docking/msg/_package_Plan.lisp, /home/mkac/mav_ws/devel/share/common-lisp/ros/docking/msg/_package_Plan.lisp)
Linked: (/home/mkac/mav_ws/devel/.private/docking/share/common-lisp/ros/docking/msg/ICP.lisp, /home/mkac/mav_ws/devel/share/common-lisp/ros/docking/msg/ICP.lisp)
Linked: (/home/mkac/mav_ws/devel/.private/docking/share/common-lisp/ros/docking/msg/_package_Dock.lisp, /home/mkac/mav_ws/devel/share/common-lisp/ros/docking/msg/_package_Dock.lisp)
Linked: (/home/mkac/mav_ws/devel/.private/docking/share/common-lisp/ros/docking/msg/_package_MinMaxPoint.lisp, /home/mkac/mav_ws/devel/share/common-lisp/ros/docking/msg/_package_MinMaxPoint.lisp)
Linked: (/home/mkac/mav_ws/devel/.private/docking/share/common-lisp/ros/docking/msg/DockingAction.lisp, /home/mkac/mav_ws/devel/share/common-lisp/ros/docking/msg/DockingAction.lisp)
Linked: (/home/mkac/mav_ws/devel/.private/docking/share/common-lisp/ros/docking/msg/LineOfSight.lisp, /home/mkac/mav_ws/devel/share/common-lisp/ros/docking/msg/LineOfSight.lisp)
Linked: (/home/mkac/mav_ws/devel/.private/docking/share/common-lisp/ros/docking/msg/_package_DockingGoal.lisp, /home/mkac/mav_ws/devel/share/common-lisp/ros/docking/msg/_package_DockingGoal.lisp)
Linked: (/home/mkac/mav_ws/devel/.private/docking/share/common-lisp/ros/docking/msg/_package_Line.lisp, /home/mkac/mav_ws/devel/share/common-lisp/ros/docking/msg/_package_Line.lisp)
Linked: (/home/mkac/mav_ws/devel/.private/docking/share/common-lisp/ros/docking/msg/_package_DockingFeedback.lisp, /home/mkac/mav_ws/devel/share/common-lisp/ros/docking/msg/_package_DockingFeedback.lisp)
Linked: (/home/mkac/mav_ws/devel/.private/docking/share/common-lisp/ros/docking/msg/ClusterArray.lisp, /home/mkac/mav_ws/devel/share/common-lisp/ros/docking/msg/ClusterArray.lisp)
Linked: (/home/mkac/mav_ws/devel/.private/docking/share/common-lisp/ros/docking/msg/DockingActionGoal.lisp, /home/mkac/mav_ws/devel/share/common-lisp/ros/docking/msg/DockingActionGoal.lisp)
Linked: (/home/mkac/mav_ws/devel/.private/docking/share/common-lisp/ros/docking/msg/DockingFeedback.lisp, /home/mkac/mav_ws/devel/share/common-lisp/ros/docking/msg/DockingFeedback.lisp)
Linked: (/home/mkac/mav_ws/devel/.private/docking/share/common-lisp/ros/docking/msg/Line.lisp, /home/mkac/mav_ws/devel/share/common-lisp/ros/docking/msg/Line.lisp)
Linked: (/home/mkac/mav_ws/devel/.private/docking/share/common-lisp/ros/docking/msg/docking-msg.asd, /home/mkac/mav_ws/devel/share/common-lisp/ros/docking/msg/docking-msg.asd)
Linked: (/home/mkac/mav_ws/devel/.private/docking/share/common-lisp/ros/docking/msg/_package_ICP.lisp, /home/mkac/mav_ws/devel/share/common-lisp/ros/docking/msg/_package_ICP.lisp)
Linked: (/home/mkac/mav_ws/devel/.private/docking/share/common-lisp/ros/docking/msg/_package_DockingAction.lisp, /home/mkac/mav_ws/devel/share/common-lisp/ros/docking/msg/_package_DockingAction.lisp)
Linked: (/home/mkac/mav_ws/devel/.private/docking/share/common-lisp/ros/docking/msg/BoundingBox.lisp, /home/mkac/mav_ws/devel/share/common-lisp/ros/docking/msg/BoundingBox.lisp)
Linked: (/home/mkac/mav_ws/devel/.private/docking/share/common-lisp/ros/docking/msg/Plan.lisp, /home/mkac/mav_ws/devel/share/common-lisp/ros/docking/msg/Plan.lisp)
Linked: (/home/mkac/mav_ws/devel/.private/docking/share/common-lisp/ros/docking/msg/Cluster.lisp, /home/mkac/mav_ws/devel/share/common-lisp/ros/docking/msg/Cluster.lisp)
Linked: (/home/mkac/mav_ws/devel/.private/docking/share/common-lisp/ros/docking/msg/_package_Cluster.lisp, /home/mkac/mav_ws/devel/share/common-lisp/ros/docking/msg/_package_Cluster.lisp)
Linked: (/home/mkac/mav_ws/devel/.private/docking/share/common-lisp/ros/docking/msg/LineArray.lisp, /home/mkac/mav_ws/devel/share/common-lisp/ros/docking/msg/LineArray.lisp)
Linked: (/home/mkac/mav_ws/devel/.private/docking/share/common-lisp/ros/docking/msg/_package_LineOfSight.lisp, /home/mkac/mav_ws/devel/share/common-lisp/ros/docking/msg/_package_LineOfSight.lisp)
Linked: (/home/mkac/mav_ws/devel/.private/docking/share/common-lisp/ros/docking/msg/_package_LineArray.lisp, /home/mkac/mav_ws/devel/share/common-lisp/ros/docking/msg/_package_LineArray.lisp)
Linked: (/home/mkac/mav_ws/devel/.private/docking/share/gennodejs/ros/docking/_index.js, /home/mkac/mav_ws/devel/share/gennodejs/ros/docking/_index.js)
Linked: (/home/mkac/mav_ws/devel/.private/docking/share/gennodejs/ros/docking/msg/ClusterArray.js, /home/mkac/mav_ws/devel/share/gennodejs/ros/docking/msg/ClusterArray.js)
Linked: (/home/mkac/mav_ws/devel/.private/docking/share/gennodejs/ros/docking/msg/Dock.js, /home/mkac/mav_ws/devel/share/gennodejs/ros/docking/msg/Dock.js)
Linked: (/home/mkac/mav_ws/devel/.private/docking/share/gennodejs/ros/docking/msg/DockingFeedback.js, /home/mkac/mav_ws/devel/share/gennodejs/ros/docking/msg/DockingFeedback.js)
Linked: (/home/mkac/mav_ws/devel/.private/docking/share/gennodejs/ros/docking/msg/DockingActionResult.js, /home/mkac/mav_ws/devel/share/gennodejs/ros/docking/msg/DockingActionResult.js)
Linked: (/home/mkac/mav_ws/devel/.private/docking/share/gennodejs/ros/docking/msg/DockingResult.js, /home/mkac/mav_ws/devel/share/gennodejs/ros/docking/msg/DockingResult.js)
Linked: (/home/mkac/mav_ws/devel/.private/docking/share/gennodejs/ros/docking/msg/DockingActionGoal.js, /home/mkac/mav_ws/devel/share/gennodejs/ros/docking/msg/DockingActionGoal.js)
Linked: (/home/mkac/mav_ws/devel/.private/docking/share/gennodejs/ros/docking/msg/DockingGoal.js, /home/mkac/mav_ws/devel/share/gennodejs/ros/docking/msg/DockingGoal.js)
Linked: (/home/mkac/mav_ws/devel/.private/docking/share/gennodejs/ros/docking/msg/BoundingBox.js, /home/mkac/mav_ws/devel/share/gennodejs/ros/docking/msg/BoundingBox.js)
Linked: (/home/mkac/mav_ws/devel/.private/docking/share/gennodejs/ros/docking/msg/Plan.js, /home/mkac/mav_ws/devel/share/gennodejs/ros/docking/msg/Plan.js)
Linked: (/home/mkac/mav_ws/devel/.private/docking/share/gennodejs/ros/docking/msg/ICP.js, /home/mkac/mav_ws/devel/share/gennodejs/ros/docking/msg/ICP.js)
Linked: (/home/mkac/mav_ws/devel/.private/docking/share/gennodejs/ros/docking/msg/LineOfSight.js, /home/mkac/mav_ws/devel/share/gennodejs/ros/docking/msg/LineOfSight.js)
Linked: (/home/mkac/mav_ws/devel/.private/docking/share/gennodejs/ros/docking/msg/LineArray.js, /home/mkac/mav_ws/devel/share/gennodejs/ros/docking/msg/LineArray.js)
Linked: (/home/mkac/mav_ws/devel/.private/docking/share/gennodejs/ros/docking/msg/_index.js, /home/mkac/mav_ws/devel/share/gennodejs/ros/docking/msg/_index.js)
Linked: (/home/mkac/mav_ws/devel/.private/docking/share/gennodejs/ros/docking/msg/Line.js, /home/mkac/mav_ws/devel/share/gennodejs/ros/docking/msg/Line.js)
Linked: (/home/mkac/mav_ws/devel/.private/docking/share/gennodejs/ros/docking/msg/Cluster.js, /home/mkac/mav_ws/devel/share/gennodejs/ros/docking/msg/Cluster.js)
Linked: (/home/mkac/mav_ws/devel/.private/docking/share/gennodejs/ros/docking/msg/MinMaxPoint.js, /home/mkac/mav_ws/devel/share/gennodejs/ros/docking/msg/MinMaxPoint.js)
Linked: (/home/mkac/mav_ws/devel/.private/docking/share/gennodejs/ros/docking/msg/DockingAction.js, /home/mkac/mav_ws/devel/share/gennodejs/ros/docking/msg/DockingAction.js)
Linked: (/home/mkac/mav_ws/devel/.private/docking/share/gennodejs/ros/docking/msg/DockingActionFeedback.js, /home/mkac/mav_ws/devel/share/gennodejs/ros/docking/msg/DockingActionFeedback.js)
Linked: (/home/mkac/mav_ws/devel/.private/docking/share/docking/docs/DetectionNodeConfig.wikidoc, /home/mkac/mav_ws/devel/share/docking/docs/DetectionNodeConfig.wikidoc)
Linked: (/home/mkac/mav_ws/devel/.private/docking/share/docking/docs/ControllerNodeConfig.dox, /home/mkac/mav_ws/devel/share/docking/docs/ControllerNodeConfig.dox)
Linked: (/home/mkac/mav_ws/devel/.private/docking/share/docking/docs/DetectionNodeConfig.dox, /home/mkac/mav_ws/devel/share/docking/docs/DetectionNodeConfig.dox)
Linked: (/home/mkac/mav_ws/devel/.private/docking/share/docking/docs/DetectionNodeConfig-usage.dox, /home/mkac/mav_ws/devel/share/docking/docs/DetectionNodeConfig-usage.dox)
Linked: (/home/mkac/mav_ws/devel/.private/docking/share/docking/docs/PoseControllerConfig.wikidoc, /home/mkac/mav_ws/devel/share/docking/docs/PoseControllerConfig.wikidoc)
Linked: (/home/mkac/mav_ws/devel/.private/docking/share/docking/docs/PlannerNodeConfig-usage.dox, /home/mkac/mav_ws/devel/share/docking/docs/PlannerNodeConfig-usage.dox)
Linked: (/home/mkac/mav_ws/devel/.private/docking/share/docking/docs/PlannerNodeConfig.wikidoc, /home/mkac/mav_ws/devel/share/docking/docs/PlannerNodeConfig.wikidoc)
Linked: (/home/mkac/mav_ws/devel/.private/docking/share/docking/docs/PoseControllerConfig-usage.dox, /home/mkac/mav_ws/devel/share/docking/docs/PoseControllerConfig-usage.dox)
Linked: (/home/mkac/mav_ws/devel/.private/docking/share/docking/docs/PlannerNodeConfig.dox, /home/mkac/mav_ws/devel/share/docking/docs/PlannerNodeConfig.dox)
Linked: (/home/mkac/mav_ws/devel/.private/docking/share/docking/docs/PoseControllerConfig.dox, /home/mkac/mav_ws/devel/share/docking/docs/PoseControllerConfig.dox)
Linked: (/home/mkac/mav_ws/devel/.private/docking/share/docking/docs/ControllerNodeConfig.wikidoc, /home/mkac/mav_ws/devel/share/docking/docs/ControllerNodeConfig.wikidoc)
Linked: (/home/mkac/mav_ws/devel/.private/docking/share/docking/docs/ControllerNodeConfig-usage.dox, /home/mkac/mav_ws/devel/share/docking/docs/ControllerNodeConfig-usage.dox)
Linked: (/home/mkac/mav_ws/devel/.private/docking/share/docking/cmake/docking-msg-paths.cmake, /home/mkac/mav_ws/devel/share/docking/cmake/docking-msg-paths.cmake)
Linked: (/home/mkac/mav_ws/devel/.private/docking/share/docking/cmake/dockingConfig-version.cmake, /home/mkac/mav_ws/devel/share/docking/cmake/dockingConfig-version.cmake)
Linked: (/home/mkac/mav_ws/devel/.private/docking/share/docking/cmake/docking-msg-extras.cmake, /home/mkac/mav_ws/devel/share/docking/cmake/docking-msg-extras.cmake)
Linked: (/home/mkac/mav_ws/devel/.private/docking/share/docking/cmake/dockingConfig.cmake, /home/mkac/mav_ws/devel/share/docking/cmake/dockingConfig.cmake)
Linked: (/home/mkac/mav_ws/devel/.private/docking/share/docking/msg/DockingFeedback.msg, /home/mkac/mav_ws/devel/share/docking/msg/DockingFeedback.msg)
Linked: (/home/mkac/mav_ws/devel/.private/docking/share/docking/msg/DockingActionFeedback.msg, /home/mkac/mav_ws/devel/share/docking/msg/DockingActionFeedback.msg)
Linked: (/home/mkac/mav_ws/devel/.private/docking/share/docking/msg/DockingActionGoal.msg, /home/mkac/mav_ws/devel/share/docking/msg/DockingActionGoal.msg)
Linked: (/home/mkac/mav_ws/devel/.private/docking/share/docking/msg/DockingResult.msg, /home/mkac/mav_ws/devel/share/docking/msg/DockingResult.msg)
Linked: (/home/mkac/mav_ws/devel/.private/docking/share/docking/msg/DockingGoal.msg, /home/mkac/mav_ws/devel/share/docking/msg/DockingGoal.msg)
Linked: (/home/mkac/mav_ws/devel/.private/docking/share/docking/msg/DockingAction.msg, /home/mkac/mav_ws/devel/share/docking/msg/DockingAction.msg)
Linked: (/home/mkac/mav_ws/devel/.private/docking/share/docking/msg/DockingActionResult.msg, /home/mkac/mav_ws/devel/share/docking/msg/DockingActionResult.msg)
Linked: (/home/mkac/mav_ws/devel/.private/docking/lib/pkgconfig/docking.pc, /home/mkac/mav_ws/devel/lib/pkgconfig/docking.pc)
Linked: (/home/mkac/mav_ws/devel/.private/docking/lib/python3/dist-packages/docking/__init__.py, /home/mkac/mav_ws/devel/lib/python3/dist-packages/docking/__init__.py)
Linked: (/home/mkac/mav_ws/devel/.private/docking/lib/python3/dist-packages/docking/cfg/PoseControllerConfig.py, /home/mkac/mav_ws/devel/lib/python3/dist-packages/docking/cfg/PoseControllerConfig.py)
Linked: (/home/mkac/mav_ws/devel/.private/docking/lib/python3/dist-packages/docking/cfg/ControllerNodeConfig.py, /home/mkac/mav_ws/devel/lib/python3/dist-packages/docking/cfg/ControllerNodeConfig.py)
Linked: (/home/mkac/mav_ws/devel/.private/docking/lib/python3/dist-packages/docking/cfg/__init__.py, /home/mkac/mav_ws/devel/lib/python3/dist-packages/docking/cfg/__init__.py)
Linked: (/home/mkac/mav_ws/devel/.private/docking/lib/python3/dist-packages/docking/cfg/PlannerNodeConfig.py, /home/mkac/mav_ws/devel/lib/python3/dist-packages/docking/cfg/PlannerNodeConfig.py)
Linked: (/home/mkac/mav_ws/devel/.private/docking/lib/python3/dist-packages/docking/cfg/DetectionNodeConfig.py, /home/mkac/mav_ws/devel/lib/python3/dist-packages/docking/cfg/DetectionNodeConfig.py)
Linked: (/home/mkac/mav_ws/devel/.private/docking/lib/python3/dist-packages/docking/msg/_BoundingBox.py, /home/mkac/mav_ws/devel/lib/python3/dist-packages/docking/msg/_BoundingBox.py)
Linked: (/home/mkac/mav_ws/devel/.private/docking/lib/python3/dist-packages/docking/msg/_Dock.py, /home/mkac/mav_ws/devel/lib/python3/dist-packages/docking/msg/_Dock.py)
Linked: (/home/mkac/mav_ws/devel/.private/docking/lib/python3/dist-packages/docking/msg/_DockingActionGoal.py, /home/mkac/mav_ws/devel/lib/python3/dist-packages/docking/msg/_DockingActionGoal.py)
Linked: (/home/mkac/mav_ws/devel/.private/docking/lib/python3/dist-packages/docking/msg/_DockingAction.py, /home/mkac/mav_ws/devel/lib/python3/dist-packages/docking/msg/_DockingAction.py)
Linked: (/home/mkac/mav_ws/devel/.private/docking/lib/python3/dist-packages/docking/msg/_ClusterArray.py, /home/mkac/mav_ws/devel/lib/python3/dist-packages/docking/msg/_ClusterArray.py)
Linked: (/home/mkac/mav_ws/devel/.private/docking/lib/python3/dist-packages/docking/msg/_ICP.py, /home/mkac/mav_ws/devel/lib/python3/dist-packages/docking/msg/_ICP.py)
Linked: (/home/mkac/mav_ws/devel/.private/docking/lib/python3/dist-packages/docking/msg/_DockingResult.py, /home/mkac/mav_ws/devel/lib/python3/dist-packages/docking/msg/_DockingResult.py)
Linked: (/home/mkac/mav_ws/devel/.private/docking/lib/python3/dist-packages/docking/msg/_DockingActionFeedback.py, /home/mkac/mav_ws/devel/lib/python3/dist-packages/docking/msg/_DockingActionFeedback.py)
Linked: (/home/mkac/mav_ws/devel/.private/docking/lib/python3/dist-packages/docking/msg/_Line.py, /home/mkac/mav_ws/devel/lib/python3/dist-packages/docking/msg/_Line.py)
Linked: (/home/mkac/mav_ws/devel/.private/docking/lib/python3/dist-packages/docking/msg/_DockingGoal.py, /home/mkac/mav_ws/devel/lib/python3/dist-packages/docking/msg/_DockingGoal.py)
Linked: (/home/mkac/mav_ws/devel/.private/docking/lib/python3/dist-packages/docking/msg/__init__.py, /home/mkac/mav_ws/devel/lib/python3/dist-packages/docking/msg/__init__.py)
Linked: (/home/mkac/mav_ws/devel/.private/docking/lib/python3/dist-packages/docking/msg/_DockingFeedback.py, /home/mkac/mav_ws/devel/lib/python3/dist-packages/docking/msg/_DockingFeedback.py)
Linked: (/home/mkac/mav_ws/devel/.private/docking/lib/python3/dist-packages/docking/msg/_DockingActionResult.py, /home/mkac/mav_ws/devel/lib/python3/dist-packages/docking/msg/_DockingActionResult.py)
Linked: (/home/mkac/mav_ws/devel/.private/docking/lib/python3/dist-packages/docking/msg/_Cluster.py, /home/mkac/mav_ws/devel/lib/python3/dist-packages/docking/msg/_Cluster.py)
Linked: (/home/mkac/mav_ws/devel/.private/docking/lib/python3/dist-packages/docking/msg/_LineOfSight.py, /home/mkac/mav_ws/devel/lib/python3/dist-packages/docking/msg/_LineOfSight.py)
Linked: (/home/mkac/mav_ws/devel/.private/docking/lib/python3/dist-packages/docking/msg/_Plan.py, /home/mkac/mav_ws/devel/lib/python3/dist-packages/docking/msg/_Plan.py)
Linked: (/home/mkac/mav_ws/devel/.private/docking/lib/python3/dist-packages/docking/msg/_MinMaxPoint.py, /home/mkac/mav_ws/devel/lib/python3/dist-packages/docking/msg/_MinMaxPoint.py)
Linked: (/home/mkac/mav_ws/devel/.private/docking/lib/python3/dist-packages/docking/msg/_LineArray.py, /home/mkac/mav_ws/devel/lib/python3/dist-packages/docking/msg/_LineArray.py)
Linked: (/home/mkac/mav_ws/devel/.private/docking/lib/docking/planner_node, /home/mkac/mav_ws/devel/lib/docking/planner_node)
Linked: (/home/mkac/mav_ws/devel/.private/docking/lib/docking/detection_node, /home/mkac/mav_ws/devel/lib/docking/detection_node)
Linked: (/home/mkac/mav_ws/devel/.private/docking/lib/docking/controller_node, /home/mkac/mav_ws/devel/lib/docking/controller_node)
Linked: (/home/mkac/mav_ws/devel/.private/docking/include/docking/PoseControllerConfig.h, /home/mkac/mav_ws/devel/include/docking/PoseControllerConfig.h)
Linked: (/home/mkac/mav_ws/devel/.private/docking/include/docking/LineArray.h, /home/mkac/mav_ws/devel/include/docking/LineArray.h)
Linked: (/home/mkac/mav_ws/devel/.private/docking/include/docking/DockingActionGoal.h, /home/mkac/mav_ws/devel/include/docking/DockingActionGoal.h)
Linked: (/home/mkac/mav_ws/devel/.private/docking/include/docking/LineOfSight.h, /home/mkac/mav_ws/devel/include/docking/LineOfSight.h)
Linked: (/home/mkac/mav_ws/devel/.private/docking/include/docking/DockingResult.h, /home/mkac/mav_ws/devel/include/docking/DockingResult.h)
Linked: (/home/mkac/mav_ws/devel/.private/docking/include/docking/MinMaxPoint.h, /home/mkac/mav_ws/devel/include/docking/MinMaxPoint.h)
Linked: (/home/mkac/mav_ws/devel/.private/docking/include/docking/DockingAction.h, /home/mkac/mav_ws/devel/include/docking/DockingAction.h)
Linked: (/home/mkac/mav_ws/devel/.private/docking/include/docking/ICP.h, /home/mkac/mav_ws/devel/include/docking/ICP.h)
Linked: (/home/mkac/mav_ws/devel/.private/docking/include/docking/DockingGoal.h, /home/mkac/mav_ws/devel/include/docking/DockingGoal.h)
Linked: (/home/mkac/mav_ws/devel/.private/docking/include/docking/Plan.h, /home/mkac/mav_ws/devel/include/docking/Plan.h)
Linked: (/home/mkac/mav_ws/devel/.private/docking/include/docking/Line.h, /home/mkac/mav_ws/devel/include/docking/Line.h)
Linked: (/home/mkac/mav_ws/devel/.private/docking/include/docking/Dock.h, /home/mkac/mav_ws/devel/include/docking/Dock.h)
Linked: (/home/mkac/mav_ws/devel/.private/docking/include/docking/Cluster.h, /home/mkac/mav_ws/devel/include/docking/Cluster.h)
Linked: (/home/mkac/mav_ws/devel/.private/docking/include/docking/ControllerNodeConfig.h, /home/mkac/mav_ws/devel/include/docking/ControllerNodeConfig.h)
Linked: (/home/mkac/mav_ws/devel/.private/docking/include/docking/ClusterArray.h, /home/mkac/mav_ws/devel/include/docking/ClusterArray.h)
Linked: (/home/mkac/mav_ws/devel/.private/docking/include/docking/PlannerNodeConfig.h, /home/mkac/mav_ws/devel/include/docking/PlannerNodeConfig.h)
Linked: (/home/mkac/mav_ws/devel/.private/docking/include/docking/DockingFeedback.h, /home/mkac/mav_ws/devel/include/docking/DockingFeedback.h)
Linked: (/home/mkac/mav_ws/devel/.private/docking/include/docking/DockingActionFeedback.h, /home/mkac/mav_ws/devel/include/docking/DockingActionFeedback.h)
Linked: (/home/mkac/mav_ws/devel/.private/docking/include/docking/DetectionNodeConfig.h, /home/mkac/mav_ws/devel/include/docking/DetectionNodeConfig.h)
Linked: (/home/mkac/mav_ws/devel/.private/docking/include/docking/BoundingBox.h, /home/mkac/mav_ws/devel/include/docking/BoundingBox.h)
Linked: (/home/mkac/mav_ws/devel/.private/docking/include/docking/DockingActionResult.h, /home/mkac/mav_ws/devel/include/docking/DockingActionResult.h)
